// Jest Snapshot v1, https://goo.gl/fbAQLP

exports[`HeroesComponent renders something 1`] = `
<app-heroes
  __ngContext__="0"
  heroService={[Function HeroService]}
  heroes={[Function Array]}
>
  <h2>
    My Heroes
  </h2><div>
    <label
      for="new-hero"
    >
      Hero name: 
    </label>
    <input
      id="new-hero"
    />
    <button
      class="add-button"
      type="button"
    >
       Add hero 
    </button>
  </div><ul
    class="heroes"
  >
  </ul>
</app-heroes>
`;
