// Jest Snapshot v1, https://goo.gl/fbAQLP

exports[`HeroesComponent renders something 1`] = `
<app-heroes
  __ngContext__="0"
  heroService={[Function HeroService]}
  heroes={[Function Array]}
>
  <h2>
    My Heroes
  </h2><div>
    <label
      for="new-hero"
    >
      Hero name: 
    </label>
    <input
      id="new-hero"
    />
    <button
      class="add-button"
      type="button"
    >
       Add hero 
    </button>
  </div><ul
    class="heroes"
  >
    <li>
      <a
        href="/detail/1"
      >
        <span
          class="badge"
        >
          1
        </span>
         Leanne Graham 
      </a>
      <button
        class="delete"
        title="delete hero"
        type="button"
      >
        x
      </button>
    </li>
    <li>
      <a
        href="/detail/2"
      >
        <span
          class="badge"
        >
          2
        </span>
         Ervin Howell 
      </a>
      <button
        class="delete"
        title="delete hero"
        type="button"
      >
        x
      </button>
    </li>
    <li>
      <a
        href="/detail/3"
      >
        <span
          class="badge"
        >
          3
        </span>
         Clementine Bauch 
      </a>
      <button
        class="delete"
        title="delete hero"
        type="button"
      >
        x
      </button>
    </li>
    <li>
      <a
        href="/detail/4"
      >
        <span
          class="badge"
        >
          4
        </span>
         Patricia Lebsack 
      </a>
      <button
        class="delete"
        title="delete hero"
        type="button"
      >
        x
      </button>
    </li>
    <li>
      <a
        href="/detail/5"
      >
        <span
          class="badge"
        >
          5
        </span>
         Chelsey Dietrich 
      </a>
      <button
        class="delete"
        title="delete hero"
        type="button"
      >
        x
      </button>
    </li>
    <li>
      <a
        href="/detail/6"
      >
        <span
          class="badge"
        >
          6
        </span>
         Mrs. Dennis Schulist 
      </a>
      <button
        class="delete"
        title="delete hero"
        type="button"
      >
        x
      </button>
    </li>
    <li>
      <a
        href="/detail/7"
      >
        <span
          class="badge"
        >
          7
        </span>
         Kurtis Weissnat 
      </a>
      <button
        class="delete"
        title="delete hero"
        type="button"
      >
        x
      </button>
    </li>
    <li>
      <a
        href="/detail/8"
      >
        <span
          class="badge"
        >
          8
        </span>
         Nicholas Runolfsdottir V 
      </a>
      <button
        class="delete"
        title="delete hero"
        type="button"
      >
        x
      </button>
    </li>
    <li>
      <a
        href="/detail/9"
      >
        <span
          class="badge"
        >
          9
        </span>
         Glenna Reichert 
      </a>
      <button
        class="delete"
        title="delete hero"
        type="button"
      >
        x
      </button>
    </li>
    <li>
      <a
        href="/detail/10"
      >
        <span
          class="badge"
        >
          10
        </span>
         Clementina DuBuque 
      </a>
      <button
        class="delete"
        title="delete hero"
        type="button"
      >
        x
      </button>
    </li>
  </ul>
</app-heroes>
`;
